// Jest Snapshot v1, https://goo.gl/fbAQLP

exports[`Resolver: vzd - real queries from customer apps sls-static-api retrieve all the historical data 1`] = `
Object {
  "data": Object {
    "vzd": Object {
      "apartments": Array [
        Object {
          "area": 51.9,
          "price": 12000,
        },
        Object {
          "area": 51.9,
          "price": 12000,
        },
        Object {
          "area": 51.9,
          "price": 12000,
        },
      ],
      "houses": Array [],
      "land": Array [
        Object {
          "area": 479000,
          "price": 39000,
        },
        Object {
          "area": 479000,
          "price": 100,
        },
      ],
      "premises": Array [],
    },
  },
  "errors": undefined,
  "extensions": undefined,
  "http": Object {
    "headers": Headers {
      Symbol(map): Object {},
    },
  },
}
`;
