// Jest Snapshot v1, https://goo.gl/fbAQLP

exports[`getChartData response returns all chart data with category + type 1`] = `
Array [
  Object {
    "count": 0,
    "date": "2018-01-01",
    "price_per_sqm": "0.00",
  },
  Object {
    "count": 0,
    "date": "2018-02-01",
    "price_per_sqm": "0.00",
  },
  Object {
    "count": 0,
    "date": "2018-03-01",
    "price_per_sqm": "0.00",
  },
  Object {
    "count": 0,
    "date": "2018-04-01",
    "price_per_sqm": "0.00",
  },
  Object {
    "count": 0,
    "date": "2018-05-01",
    "price_per_sqm": "0.00",
  },
  Object {
    "count": 0,
    "date": "2018-06-01",
    "price_per_sqm": "0.00",
  },
  Object {
    "count": 0,
    "date": "2018-07-01",
    "price_per_sqm": "0.00",
  },
  Object {
    "count": 0,
    "date": "2018-08-01",
    "price_per_sqm": "0.00",
  },
  Object {
    "count": 0,
    "date": "2018-09-01",
    "price_per_sqm": "0.00",
  },
  Object {
    "count": 0,
    "date": "2018-10-01",
    "price_per_sqm": "0.00",
  },
  Object {
    "count": 1,
    "date": "2018-11-01",
    "price_per_sqm": "583.33",
  },
  Object {
    "count": 2,
    "date": "2018-12-01",
    "price_per_sqm": "50.00",
  },
]
`;

exports[`getChartData response returns all chart data with only category 1`] = `
Array [
  Object {
    "count": 0,
    "date": "2018-01-01",
    "price_per_sqm": "0.00",
  },
  Object {
    "count": 0,
    "date": "2018-02-01",
    "price_per_sqm": "0.00",
  },
  Object {
    "count": 0,
    "date": "2018-03-01",
    "price_per_sqm": "0.00",
  },
  Object {
    "count": 0,
    "date": "2018-04-01",
    "price_per_sqm": "0.00",
  },
  Object {
    "count": 0,
    "date": "2018-05-01",
    "price_per_sqm": "0.00",
  },
  Object {
    "count": 0,
    "date": "2018-06-01",
    "price_per_sqm": "0.00",
  },
  Object {
    "count": 0,
    "date": "2018-07-01",
    "price_per_sqm": "0.00",
  },
  Object {
    "count": 0,
    "date": "2018-08-01",
    "price_per_sqm": "0.00",
  },
  Object {
    "count": 0,
    "date": "2018-09-01",
    "price_per_sqm": "0.00",
  },
  Object {
    "count": 0,
    "date": "2018-10-01",
    "price_per_sqm": "0.00",
  },
  Object {
    "count": 1,
    "date": "2018-11-01",
    "price_per_sqm": "583.33",
  },
  Object {
    "count": 2,
    "date": "2018-12-01",
    "price_per_sqm": "50.00",
  },
]
`;
