// Jest Snapshot v1, https://goo.gl/fbAQLP

exports[`getChartData response returns all chart data with category + type 1`] = `
Object {
  "count": 3,
  "price_per_sqm": "100.00",
}
`;

exports[`getChartData response returns all chart data with only category 1`] = `
Object {
  "count": 3,
  "price_per_sqm": "100.00",
}
`;
